[     746ms] [VERBOSE] [DOM] Input elements should have autocomplete attributes (suggested: "current-password"): (More info: https://goo.gl/9p2vKq) %o @ https://www.facebook.com/login.php?next=https%3A%2F%2Fwww.facebook.com%2Fmessages%2Ft%2F:0
[    1083ms] [VERBOSE] [DOM] Input elements should have autocomplete attributes (suggested: "current-password"): (More info: https://goo.gl/9p2vKq) %o @ https://www.facebook.com/login.php?next=https%3A%2F%2Fwww.facebook.com%2Fmessages%2Ft%2F:0
[    1955ms] [WARNING] Canvas2D: Multiple readback operations using getImageData are faster with the willReadFrequently attribute set to true. See: https://html.spec.whatwg.org/multipage/canvas.html#concept-canvas-will-read-frequently @ https://static.xx.fbcdn.net/rsrc.php/v4iFVb4/yk/l/fr_FR-j/jdkIIN_ve4FbwNuJp47bMy-AAH6lPpkGaa5BXqhTg_NQ82Yz_4vfOJLGAsRBnpddamldlUDUZRIYN72OqDwSuA8YYCPfv43i0iwa7eSNpDNxgKVIPNHOqVL96GSBvj8_FEnWrruBGGEYFdGhwCEsLVMyJV6uBpr9kvHpchlOg4ZYKX0hp0eU_FqQ44eqm8HXN6FrYZV15tj8h63LNAdF4Q4yS3Q5XV_vKBEegn7yLIhLjdtTF563T-omr2qwML2OjEpNOBjYRtKQGwG0ihEa-9ML_Y_MRXHBlvxuIMFsRSR_169Kn2AO9V3TtN2HhP5.js:321
[    2183ms] [LOG] 
%cStop ! font-family:helvetica; font-size:20px; font-size:50px; font-weight:bold; color:red; -webkit-text-stroke:1px black; @ https://static.xx.fbcdn.net/rsrc.php/v4/yD/r/IPmdhgOiFnE.js:246
[    2183ms] [LOG] 
%cIl s’agit d’une fonctionnalité de navigateur conçue pour les développeurs. Si quelqu’un vous a invité(e) à copier-coller quelque chose ici pour activer une fonctionnalité Facebook ou soit-disant pirater le compte d’un tiers, sachez que c’est une arnaque permettant à cette personne d’accéder à votre compte Facebook. font-family:helvetica; font-size:20px;  @ https://static.xx.fbcdn.net/rsrc.php/v4/yD/r/IPmdhgOiFnE.js:246
[    2183ms] [LOG] 
%cConsultez https://www.facebook.com/selfxss pour plus d’informations. font-family:helvetica; font-size:20px;  @ https://static.xx.fbcdn.net/rsrc.php/v4/yD/r/IPmdhgOiFnE.js:246
[    2183ms] [LOG] 
%c  @ https://static.xx.fbcdn.net/rsrc.php/v4/yD/r/IPmdhgOiFnE.js:246
[   83954ms] [ERROR] ErrorUtils caught an error:

Missing cryptedUid for successful web login

Subsequent non-fatal errors won't be logged; see https://fburl.com/debugjs. {column: 17878, clientTime: 1785630467, extra: Object, guardList: Array(1), hash: 4hbu4n} @ https://static.xx.fbcdn.net/rsrc.php/v4/yD/r/IPmdhgOiFnE.js:79
[   85484ms] [ERROR] Permissions policy violation: unload is not allowed in this document. @ https://static.xx.fbcdn.net/rsrc.php/v4/yQ/r/zLDa5Re8dUc.js:327
[   86434ms] [WARNING] Canvas2D: Multiple readback operations using getImageData are faster with the willReadFrequently attribute set to true. See: https://html.spec.whatwg.org/multipage/canvas.html#concept-canvas-will-read-frequently @ https://static.xx.fbcdn.net/rsrc.php/v4iE2X4/yR/l/fr_FR-j/LugHt4boQE09WbY0N38uJNTfpLp2bheE7UztVeE7LfZT1Tur7psCLo815AroIjTyvQkH2AOlyfKAGsoU44QJNvNWQ0aylXnwlVGfQagRRCzLs39vCqWSaj2TvgGRuqIuqW9Wtio32B0GQ6tX9MDb26LueTdavXNFkWROlGDYuTIfmw6Wa5BXqhTg_NQxeAb31XY5rqZ53YYHZzx7kfF6EeoBF4HRtfr4fhpKoQVxbFqrbKN2YgkeF1fB0V8OpUP2XzyX5LMpDDgePvwxOmq35Akt69qa-0H4zN_9kDYFhEjADG1AkZOkgL9jkOyVcNSOeG-KaCIVqI.js:1028
[   87068ms] [ERROR] ErrorUtils caught an error:

terminate stream because StartStreamFailure with msg : UNAUTHENTICATED [Caught in: Subscription error in preprocessResponse]

Subsequent non-fatal errors won't be logged; see https://fburl.com/debugjs. {column: 180, clientTime: 1785630470, extra: Object, guardList: Array(0), hash: dzfowt} @ https://static.xx.fbcdn.net/rsrc.php/v4/yD/r/IPmdhgOiFnE.js:79
[   87159ms] [LOG] 
%cStop ! font-family:helvetica; font-size:20px; font-size:50px; font-weight:bold; color:red; -webkit-text-stroke:1px black; @ https://static.xx.fbcdn.net/rsrc.php/v4/yD/r/IPmdhgOiFnE.js:246
[   87160ms] [LOG] 
%cIl s’agit d’une fonctionnalité de navigateur conçue pour les développeurs. Si quelqu’un vous a invité(e) à copier-coller quelque chose ici pour activer une fonctionnalité Facebook ou soit-disant pirater le compte d’un tiers, sachez que c’est une arnaque permettant à cette personne d’accéder à votre compte Facebook. font-family:helvetica; font-size:20px;  @ https://static.xx.fbcdn.net/rsrc.php/v4/yD/r/IPmdhgOiFnE.js:246
[   87160ms] [LOG] 
%cConsultez https://www.facebook.com/selfxss pour plus d’informations. font-family:helvetica; font-size:20px;  @ https://static.xx.fbcdn.net/rsrc.php/v4/yD/r/IPmdhgOiFnE.js:246
[   87160ms] [LOG] 
%c  @ https://static.xx.fbcdn.net/rsrc.php/v4/yD/r/IPmdhgOiFnE.js:246
[   94415ms] [ERROR] ErrorUtils caught an error:

terminate stream because StartStreamFailure with msg : UNAUTHENTICATED [Caught in: Subscription error in preprocessResponse]

Subsequent non-fatal errors won't be logged; see https://fburl.com/debugjs. {column: 180, clientTime: 1785630477, extra: Object, guardList: Array(0), hash: zreqbq} @ https://static.xx.fbcdn.net/rsrc.php/v4/yD/r/IPmdhgOiFnE.js:79
[   94432ms] [LOG] 
%cStop ! font-family:helvetica; font-size:20px; font-size:50px; font-weight:bold; color:red; -webkit-text-stroke:1px black; @ https://static.xx.fbcdn.net/rsrc.php/v4/yD/r/IPmdhgOiFnE.js:246
[   94432ms] [LOG] 
%cIl s’agit d’une fonctionnalité de navigateur conçue pour les développeurs. Si quelqu’un vous a invité(e) à copier-coller quelque chose ici pour activer une fonctionnalité Facebook ou soit-disant pirater le compte d’un tiers, sachez que c’est une arnaque permettant à cette personne d’accéder à votre compte Facebook. font-family:helvetica; font-size:20px;  @ https://static.xx.fbcdn.net/rsrc.php/v4/yD/r/IPmdhgOiFnE.js:246
[   94432ms] [LOG] 
%cConsultez https://www.facebook.com/selfxss pour plus d’informations. font-family:helvetica; font-size:20px;  @ https://static.xx.fbcdn.net/rsrc.php/v4/yD/r/IPmdhgOiFnE.js:246
[   94432ms] [LOG] 
%c  @ https://static.xx.fbcdn.net/rsrc.php/v4/yD/r/IPmdhgOiFnE.js:246
[  109127ms] [ERROR] Permissions policy violation: unload is not allowed in this document. @ https://static.xx.fbcdn.net/rsrc.php/v4/yQ/r/zLDa5Re8dUc.js:327
[  111514ms] [LOG] 
%cStop ! font-family:helvetica; font-size:20px; font-size:50px; font-weight:bold; color:red; -webkit-text-stroke:1px black; @ https://static.xx.fbcdn.net/rsrc.php/v4i_J74/yK/l/fr_FR-j/Docij7iM1Q4E61WbBUGIs63rZZIwLZ1tmJTTeQQ8cwv-LVu4Cua8VGopKp70HAIkVQdcuac9msZy7H6CxnaOKTdvVLpm3dv5_dDaUIw_lfXV-OUI68EGPIdDTKREUUXQsU91xMsSNmRjubi7yg_BXaAUHB5Kek2wiNZxvbYfg5v7q5m51GyS3ta4Bhvf9Bimz0_gTlqze_85oVDhfDrdd-4iB1JfGY_wLZE1eA4.js:1139
[  111514ms] [LOG] 
%cIl s’agit d’une fonctionnalité de navigateur conçue pour les développeurs. Si quelqu’un vous a invité(e) à copier-coller quelque chose ici pour activer une fonctionnalité Facebook ou soit-disant pirater le compte d’un tiers, sachez que c’est une arnaque permettant à cette personne d’accéder à votre compte Facebook. font-family:helvetica; font-size:20px;  @ https://static.xx.fbcdn.net/rsrc.php/v4i_J74/yK/l/fr_FR-j/Docij7iM1Q4E61WbBUGIs63rZZIwLZ1tmJTTeQQ8cwv-LVu4Cua8VGopKp70HAIkVQdcuac9msZy7H6CxnaOKTdvVLpm3dv5_dDaUIw_lfXV-OUI68EGPIdDTKREUUXQsU91xMsSNmRjubi7yg_BXaAUHB5Kek2wiNZxvbYfg5v7q5m51GyS3ta4Bhvf9Bimz0_gTlqze_85oVDhfDrdd-4iB1JfGY_wLZE1eA4.js:1139
[  111514ms] [LOG] 
%cConsultez https://www.facebook.com/selfxss pour plus d’informations. font-family:helvetica; font-size:20px;  @ https://static.xx.fbcdn.net/rsrc.php/v4i_J74/yK/l/fr_FR-j/Docij7iM1Q4E61WbBUGIs63rZZIwLZ1tmJTTeQQ8cwv-LVu4Cua8VGopKp70HAIkVQdcuac9msZy7H6CxnaOKTdvVLpm3dv5_dDaUIw_lfXV-OUI68EGPIdDTKREUUXQsU91xMsSNmRjubi7yg_BXaAUHB5Kek2wiNZxvbYfg5v7q5m51GyS3ta4Bhvf9Bimz0_gTlqze_85oVDhfDrdd-4iB1JfGY_wLZE1eA4.js:1139
[  111515ms] [LOG] 
%c  @ https://static.xx.fbcdn.net/rsrc.php/v4i_J74/yK/l/fr_FR-j/Docij7iM1Q4E61WbBUGIs63rZZIwLZ1tmJTTeQQ8cwv-LVu4Cua8VGopKp70HAIkVQdcuac9msZy7H6CxnaOKTdvVLpm3dv5_dDaUIw_lfXV-OUI68EGPIdDTKREUUXQsU91xMsSNmRjubi7yg_BXaAUHB5Kek2wiNZxvbYfg5v7q5m51GyS3ta4Bhvf9Bimz0_gTlqze_85oVDhfDrdd-4iB1JfGY_wLZE1eA4.js:1139
[  116869ms] [ERROR] Permissions policy violation: unload is not allowed in this document. @ https://static.xx.fbcdn.net/rsrc.php/v4/yQ/r/zLDa5Re8dUc.js:327
[  119620ms] [LOG] 
%cStop ! font-family:helvetica; font-size:20px; font-size:50px; font-weight:bold; color:red; -webkit-text-stroke:1px black; @ https://static.xx.fbcdn.net/rsrc.php/v4ijUs4/yh/l/fr_FR-j/7nQkX9-toOyilyZnOBnCzuDocij7iM1Q4E61WbBUGIs6NG3fr08KAI3JWTOrRIf-Et3rZZIwLZ1tmJTTeQQ8cwv-RbeTvHJH9LhYyfcuZXkVxeWXCvUpON-PmLVu4Cua8VGoR20QNg7WyOfpKp70HAIkVQA20QIma5OXS-EjVtdf83g1mAvHPHx_28n.js:3416
[  119620ms] [LOG] 
%cIl s’agit d’une fonctionnalité de navigateur conçue pour les développeurs. Si quelqu’un vous a invité(e) à copier-coller quelque chose ici pour activer une fonctionnalité Facebook ou soit-disant pirater le compte d’un tiers, sachez que c’est une arnaque permettant à cette personne d’accéder à votre compte Facebook. font-family:helvetica; font-size:20px;  @ https://static.xx.fbcdn.net/rsrc.php/v4ijUs4/yh/l/fr_FR-j/7nQkX9-toOyilyZnOBnCzuDocij7iM1Q4E61WbBUGIs6NG3fr08KAI3JWTOrRIf-Et3rZZIwLZ1tmJTTeQQ8cwv-RbeTvHJH9LhYyfcuZXkVxeWXCvUpON-PmLVu4Cua8VGoR20QNg7WyOfpKp70HAIkVQA20QIma5OXS-EjVtdf83g1mAvHPHx_28n.js:3416
[  119620ms] [LOG] 
%cConsultez https://www.facebook.com/selfxss pour plus d’informations. font-family:helvetica; font-size:20px;  @ https://static.xx.fbcdn.net/rsrc.php/v4ijUs4/yh/l/fr_FR-j/7nQkX9-toOyilyZnOBnCzuDocij7iM1Q4E61WbBUGIs6NG3fr08KAI3JWTOrRIf-Et3rZZIwLZ1tmJTTeQQ8cwv-RbeTvHJH9LhYyfcuZXkVxeWXCvUpON-PmLVu4Cua8VGoR20QNg7WyOfpKp70HAIkVQA20QIma5OXS-EjVtdf83g1mAvHPHx_28n.js:3416
[  119621ms] [LOG] 
%c  @ https://static.xx.fbcdn.net/rsrc.php/v4ijUs4/yh/l/fr_FR-j/7nQkX9-toOyilyZnOBnCzuDocij7iM1Q4E61WbBUGIs6NG3fr08KAI3JWTOrRIf-Et3rZZIwLZ1tmJTTeQQ8cwv-RbeTvHJH9LhYyfcuZXkVxeWXCvUpON-PmLVu4Cua8VGoR20QNg7WyOfpKp70HAIkVQA20QIma5OXS-EjVtdf83g1mAvHPHx_28n.js:3416
